\BOOKMARK [1][-]{Doc-Start}{\376\377\144\130\211\201}{}% 1
\BOOKMARK [1][-]{section.1}{\376\377\0001\000\040\225\356\230\230\221\315\217\360}{}% 2
\BOOKMARK [2][-]{subsection.1.1}{\376\377\0001\000.\0001\000\040\225\356\230\230\200\314\146\157}{section.1}% 3
\BOOKMARK [2][-]{subsection.1.2}{\376\377\0001\000.\0002\000\040\225\356\230\230\143\320\121\372}{section.1}% 4
\BOOKMARK [2][-]{subsection.1.3}{\376\377\0001\000.\0003\000\040\213\304\116\367\143\007\150\007}{section.1}% 5
\BOOKMARK [1][-]{section.2}{\376\377\0002\000\040\152\041\127\213\120\107\213\276\116\016\173\046\123\367\213\364\146\016}{}% 6
\BOOKMARK [2][-]{subsection.2.1}{\376\377\0002\000.\0001\000\040\152\041\127\213\120\107\213\276}{section.2}% 7
\BOOKMARK [2][-]{subsection.2.2}{\376\377\0002\000.\0002\000\040\173\046\123\367\213\364\146\016}{section.2}% 8
\BOOKMARK [1][-]{section.3}{\376\377\0003\000\040\225\356\230\230\116\000\377\032\133\236\137\303\133\374\176\277\166\204\232\330\230\221\165\065\170\301\116\377\167\037}{}% 9
\BOOKMARK [2][-]{subsection.3.1}{\376\377\0003\000.\0001\000\040\215\213\200\244\155\361\136\246\166\204\164\006\213\272\143\250\133\374}{section.3}% 10
\BOOKMARK [2][-]{subsection.3.2}{\376\377\0003\000.\0002\000\040\116\377\167\037\152\041\127\213\166\204\136\372\172\313}{section.3}% 11
\BOOKMARK [3][-]{subsubsection.3.2.1}{\376\377\0003\000.\0002\000.\0001\000\040\121\340\117\125\116\016\147\120\145\231}{subsection.3.2}% 12
\BOOKMARK [3][-]{subsubsection.3.2.2}{\376\377\0003\000.\0002\000.\0002\000\040\143\247\122\066\145\271\172\013\116\016\162\151\164\006\127\072\143\245\123\343}{subsection.3.2}% 13
\BOOKMARK [3][-]{subsubsection.3.2.3}{\376\377\0003\000.\0002\000.\0003\000\040\157\300\122\261\116\016\217\271\165\114\147\141\116\366}{subsection.3.2}% 14
\BOOKMARK [3][-]{subsubsection.3.2.4}{\376\377\0003\000.\0002\000.\0004\000\040\225\177\176\306\177\121\150\074\166\204\217\164\176\277\153\143\122\031\123\026}{subsection.3.2}% 15
\BOOKMARK [3][-]{subsubsection.3.2.5}{\376\377\0003\000.\0002\000.\0005\000\040\177\121\150\074\116\016\154\102\211\343}{subsection.3.2}% 16
\BOOKMARK [3][-]{subsubsection.3.2.6}{\376\377\0003\000.\0002\000.\0006\000\040\124\016\131\004\164\006\210\150\217\276\137\017}{subsection.3.2}% 17
\BOOKMARK [2][-]{subsection.3.3}{\376\377\0003\000.\0003\000\040\176\323\147\234\116\016\122\006\147\220}{section.3}% 18
\BOOKMARK [3][-]{subsubsection.3.3.1}{\376\377\0003\000.\0003\000.\0001\000\040\121\163\225\056\176\323\147\234}{subsection.3.3}% 19
\BOOKMARK [3][-]{subsubsection.3.3.2}{\376\377\0003\000.\0003\000.\0002\000\040\137\204\124\021\165\065\155\101\133\306\136\246\122\006\136\003}{subsection.3.3}% 20
\BOOKMARK [2][-]{subsection.3.4}{\376\377\0003\000.\0004\000\040\177\121\150\074\145\066\145\133\140\047\122\006\147\220}{section.3}% 21
\BOOKMARK [2][-]{subsection.3.5}{\376\377\0003\000.\0005\000\040\116\016\164\006\213\272\215\213\200\244\155\361\136\246\166\204\116\244\123\311\232\214\213\301}{section.3}% 22
\BOOKMARK [3][-]{subsubsection.3.5.1}{\376\377\0003\000.\0005\000.\0001\000\040\127\006\147\361\133\374\117\123\166\204\174\276\170\156\211\343}{subsection.3.5}% 23
\BOOKMARK [3][-]{subsubsection.3.5.2}{\376\377\0003\000.\0005\000.\0002\000\040\165\065\155\101\226\306\116\055\134\102\123\232\136\246\166\204\133\232\116\111\116\016\155\113\221\317}{subsection.3.5}% 24
\BOOKMARK [2][-]{subsection.3.6}{\376\377\0003\000.\0006\000\040\230\221\163\207\142\153\143\317}{section.3}% 25
\BOOKMARK [2][-]{subsection.3.7}{\376\377\0003\000.\0007\000\040\121\163\116\216\230\230\166\356\147\141\116\366\166\204\116\000\131\004\121\262\172\201}{section.3}% 26
\BOOKMARK [2][-]{subsection.3.8}{\376\377\0003\000.\0008\000\040\225\356\230\230\116\000\134\017\176\323}{section.3}% 27
\BOOKMARK [1][-]{section.4}{\376\377\0004\000\040\225\356\230\230\116\214\377\032\000L\000i\000t\000z\000\040\176\277\166\204\213\276\213\241\116\016\116\377\167\037}{}% 28
\BOOKMARK [2][-]{subsection.4.1}{\376\377\0004\000.\0001\000\040\213\276\213\241\176\246\147\137\116\016\123\302\145\160\170\156\133\232}{section.4}% 29
\BOOKMARK [3][-]{subsubsection.4.1.1}{\376\377\0004\000.\0001\000.\0001\000\040\116\035\137\204\122\044\143\156\377\032\116\072\116\300\116\110\146\057\000\040\000d\000\040\000=\000\040\0000\000.\0001\0004\000m\000m}{subsection.4.1}% 30
\BOOKMARK [3][-]{subsubsection.4.1.2}{\376\377\0004\000.\0001\000.\0002\000\040\200\241\145\160\116\016\140\073\224\334\142\052\227\142\377\032\165\061\156\051\123\107\176\246\147\137\170\156\133\232}{subsection.4.1}% 31
\BOOKMARK [3][-]{subsubsection.4.1.3}{\376\377\0004\000.\0001\000.\0003\000\040\213\276\213\241\123\302\145\160\154\107\140\073}{subsection.4.1}% 32
\BOOKMARK [2][-]{subsection.4.2}{\376\377\0004\000.\0002\000\040\121\340\117\125\136\372\152\041}{section.4}% 33
\BOOKMARK [3][-]{subsubsection.4.2.1}{\376\377\0004\000.\0002\000.\0001\000\040\127\006\137\142\173\200\123\125\142\020\147\137\377\010\127\372\176\277\145\271\150\110\377\011}{subsection.4.2}% 34
\BOOKMARK [3][-]{subsubsection.4.2.2}{\376\377\0004\000.\0002\000.\0002\000\040\211\304\122\031\176\336\124\010\145\271\150\110\377\010\176\323\147\204\145\071\217\333\377\011}{subsection.4.2}% 35
\BOOKMARK [3][-]{subsubsection.4.2.3}{\376\377\0004\000.\0002\000.\0003\000\040\176\336\124\010\136\046\147\145\166\204\121\340\117\125\116\343\116\367}{subsection.4.2}% 36
\BOOKMARK [2][-]{subsection.4.3}{\376\377\0004\000.\0003\000\040\165\065\170\301\116\377\167\037\213\276\177\156}{section.4}% 37
\BOOKMARK [3][-]{subsubsection.4.3.1}{\376\377\0004\000.\0003\000.\0001\000\040\127\006\137\142\173\200\123\125\142\020\147\137\377\032\116\214\176\364\142\052\227\142\170\301\167\342\122\277\154\325}{subsection.4.3}% 38
\BOOKMARK [3][-]{subsubsection.4.3.2}{\376\377\0004\000.\0003\000.\0002\000\040\211\304\122\031\176\336\124\010\377\032\207\272\145\313\127\120\150\007\116\011\122\006\221\317\226\115\176\364}{subsection.4.3}% 39
\BOOKMARK [3][-]{subsubsection.4.3.3}{\376\377\0004\000.\0003\000.\0003\000\040\177\121\150\074\116\016\154\102\211\343}{subsection.4.3}% 40
\BOOKMARK [2][-]{subsection.4.4}{\376\377\0004\000.\0004\000\040\176\323\147\234\116\016\133\371\153\324}{section.4}% 41
\BOOKMARK [3][-]{subsubsection.4.4.1}{\376\377\0004\000.\0004\000.\0001\000\040\116\011\145\271\150\110\173\111\224\334\142\052\227\142\133\371\161\147}{subsection.4.4}% 42
\BOOKMARK [3][-]{subsubsection.4.4.2}{\376\377\0004\000.\0004\000.\0002\000\040\121\163\225\056\211\302\133\337}{subsection.4.4}% 43
\BOOKMARK [2][-]{subsection.4.5}{\376\377\0004\000.\0005\000\040\200\241\225\364\165\065\155\101\116\015\127\107\166\204\147\072\164\006\122\006\147\220}{section.4}% 44
\BOOKMARK [3][-]{subsubsection.4.5.1}{\376\377\0004\000.\0005\000.\0001\000\040\220\020\200\241\165\065\155\101\166\204\133\236\155\113\176\323\147\234}{subsection.4.5}% 45
\BOOKMARK [3][-]{subsubsection.4.5.2}{\376\377\0004\000.\0005\000.\0002\000\040\116\015\127\107\163\260\214\141\166\204\221\317\123\026\116\016\211\343\213\373}{subsection.4.5}% 46
\BOOKMARK [3][-]{subsubsection.4.5.3}{\376\377\0004\000.\0005\000.\0003\000\040\224\334\143\137\166\204\116\011\122\006\221\317\122\006\211\343}{subsection.4.5}% 47
\BOOKMARK [2][-]{subsection.4.6}{\376\377\0004\000.\0006\000\040\211\304\122\031\176\336\124\010\145\271\150\110\166\204\176\323\147\234}{section.4}% 48
\BOOKMARK [3][-]{subsubsection.4.6.1}{\376\377\0004\000.\0006\000.\0001\000\040\176\336\124\010\166\204\122\006\134\102\165\065\155\101\116\016\143\137\200\027}{subsection.4.6}% 49
\BOOKMARK [3][-]{subsubsection.4.6.2}{\376\377\0004\000.\0006\000.\0002\000\040\176\336\124\010\116\072\116\300\116\110\116\015\131\037\377\032\121\340\117\125\134\102\227\142\166\204\211\343\221\312}{subsection.4.6}% 50
\BOOKMARK [2][-]{subsection.4.7}{\376\377\0004\000.\0007\000\040\145\160\120\074\150\041\232\214}{section.4}% 51
\BOOKMARK [2][-]{subsection.4.8}{\376\377\0004\000.\0008\000\040\225\356\230\230\116\214\134\017\176\323}{section.4}% 52
\BOOKMARK [1][-]{section.5}{\376\377\0005\000\040\225\356\230\230\116\011\377\032\177\026\176\307\145\271\150\110\166\204\116\377\167\037\214\003\117\030}{}% 53
\BOOKMARK [2][-]{subsection.5.1}{\376\377\0005\000.\0001\000\040\213\304\116\367\166\356\150\007\166\204\133\232\116\111}{section.5}% 54
\BOOKMARK [2][-]{subsection.5.2}{\376\377\0005\000.\0002\000\040\213\276\213\241\123\330\221\317}{section.5}% 55
\BOOKMARK [2][-]{subsection.5.3}{\376\377\0005\000.\0003\000\040\214\003\117\030\225\355\163\257}{section.5}% 56
\BOOKMARK [2][-]{subsection.5.4}{\376\377\0005\000.\0004\000\040\137\205\210\145\121\205\133\271\156\005\123\125}{section.5}% 57
\BOOKMARK [1][-]{section.6}{\376\377\0006\000\040\225\356\230\230\126\333\377\032\217\375\133\373\060\014\133\214\177\216\177\026\176\307\060\015\116\016\142\020\147\234\134\125\171\072\177\121\172\331}{}% 58
\BOOKMARK [2][-]{subsection.6.1}{\376\377\0006\000.\0001\000\040\060\014\133\214\177\216\143\142\117\115\060\015\122\044\143\156\166\204\142\337\133\232\145\271\124\021}{section.6}% 59
\BOOKMARK [2][-]{subsection.6.2}{\376\377\0006\000.\0002\000\040\137\205\210\145\121\205\133\271\156\005\123\125}{section.6}% 60
\BOOKMARK [1][-]{section.7}{\376\377\0007\000\040\176\323\147\234\116\016\213\250\213\272}{}% 61
\BOOKMARK [2][-]{subsection.7.1}{\376\377\0007\000.\0001\000\040\135\362\203\267\137\227\176\323\147\234\154\107\140\073}{section.7}% 62
\BOOKMARK [2][-]{subsection.7.2}{\376\377\0007\000.\0002\000\040\121\163\116\216\143\142\117\115\145\110\147\234\166\204\213\250\213\272}{section.7}% 63
\BOOKMARK [2][-]{subsection.7.3}{\376\377\0007\000.\0003\000\040\176\323\147\234\166\204\123\357\117\341\136\246\116\016\134\100\226\120}{section.7}% 64
\BOOKMARK [1][-]{section.8}{\376\377\0008\000\040\176\323\213\272}{}% 65
\BOOKMARK [1][-]{section.8}{\376\377\123\302\200\003\145\207\163\056}{}% 66
\BOOKMARK [1][-]{appendix.A}{\376\377\000A\000\040\145\160\143\156\116\016\145\207\116\366\156\005\123\125}{}% 67
\BOOKMARK [1][-]{appendix.B}{\376\377\000B\000\040\143\322\126\376\220\011\123\326\213\364\146\016}{}% 68
\BOOKMARK [1][-]{appendix.C}{\376\377\000C\000\040\000A\000I\000\040\135\345\121\167\117\177\165\050\130\360\146\016}{}% 69
